validation just ran
